Archive member included to satisfy reference by file (symbol)

c:/st/stm32cubeide_1.6.0/stm32cubeide/plugins/com.st.stm32cube.ide.mcu.externaltools.gnu-tools-for-stm32.9-2020-q2-update.win32_1.5.0.202011040924/tools/bin/../lib/gcc/arm-none-eabi/9.3.1/../../../../arm-none-eabi/lib/thumb/v7e-m+fp/hard\libc_nano.a(lib_a-errno.o)
                              Core/Src/syscalls.o (__errno)
c:/st/stm32cubeide_1.6.0/stm32cubeide/plugins/com.st.stm32cube.ide.mcu.externaltools.gnu-tools-for-stm32.9-2020-q2-update.win32_1.5.0.202011040924/tools/bin/../lib/gcc/arm-none-eabi/9.3.1/../../../../arm-none-eabi/lib/thumb/v7e-m+fp/hard\libc_nano.a(lib_a-exit.o)
                              c:/st/stm32cubeide_1.6.0/stm32cubeide/plugins/com.st.stm32cube.ide.mcu.externaltools.gnu-tools-for-stm32.9-2020-q2-update.win32_1.5.0.202011040924/tools/bin/../lib/gcc/arm-none-eabi/9.3.1/../../../../arm-none-eabi/lib/thumb/v7e-m+fp/hard/crt0.o (exit)
c:/st/stm32cubeide_1.6.0/stm32cubeide/plugins/com.st.stm32cube.ide.mcu.externaltools.gnu-tools-for-stm32.9-2020-q2-update.win32_1.5.0.202011040924/tools/bin/../lib/gcc/arm-none-eabi/9.3.1/../../../../arm-none-eabi/lib/thumb/v7e-m+fp/hard\libc_nano.a(lib_a-impure.o)
                              c:/st/stm32cubeide_1.6.0/stm32cubeide/plugins/com.st.stm32cube.ide.mcu.externaltools.gnu-tools-for-stm32.9-2020-q2-update.win32_1.5.0.202011040924/tools/bin/../lib/gcc/arm-none-eabi/9.3.1/../../../../arm-none-eabi/lib/thumb/v7e-m+fp/hard\libc_nano.a(lib_a-exit.o) (_global_impure_ptr)
c:/st/stm32cubeide_1.6.0/stm32cubeide/plugins/com.st.stm32cube.ide.mcu.externaltools.gnu-tools-for-stm32.9-2020-q2-update.win32_1.5.0.202011040924/tools/bin/../lib/gcc/arm-none-eabi/9.3.1/../../../../arm-none-eabi/lib/thumb/v7e-m+fp/hard\libc_nano.a(lib_a-init.o)
                              c:/st/stm32cubeide_1.6.0/stm32cubeide/plugins/com.st.stm32cube.ide.mcu.externaltools.gnu-tools-for-stm32.9-2020-q2-update.win32_1.5.0.202011040924/tools/bin/../lib/gcc/arm-none-eabi/9.3.1/../../../../arm-none-eabi/lib/thumb/v7e-m+fp/hard/crt0.o (__libc_init_array)
c:/st/stm32cubeide_1.6.0/stm32cubeide/plugins/com.st.stm32cube.ide.mcu.externaltools.gnu-tools-for-stm32.9-2020-q2-update.win32_1.5.0.202011040924/tools/bin/../lib/gcc/arm-none-eabi/9.3.1/../../../../arm-none-eabi/lib/thumb/v7e-m+fp/hard\libc_nano.a(lib_a-memcpy-stub.o)
                              Middlewares/Third_Party/FreeRTOS/Source/queue.o (memcpy)
c:/st/stm32cubeide_1.6.0/stm32cubeide/plugins/com.st.stm32cube.ide.mcu.externaltools.gnu-tools-for-stm32.9-2020-q2-update.win32_1.5.0.202011040924/tools/bin/../lib/gcc/arm-none-eabi/9.3.1/../../../../arm-none-eabi/lib/thumb/v7e-m+fp/hard\libc_nano.a(lib_a-memset.o)
                              c:/st/stm32cubeide_1.6.0/stm32cubeide/plugins/com.st.stm32cube.ide.mcu.externaltools.gnu-tools-for-stm32.9-2020-q2-update.win32_1.5.0.202011040924/tools/bin/../lib/gcc/arm-none-eabi/9.3.1/../../../../arm-none-eabi/lib/thumb/v7e-m+fp/hard/crt0.o (memset)

Allocating common symbols
Common symbol       size              file

uwTick              0x4               Drivers/STM32F3xx_HAL_Driver/Src/stm32f3xx_hal.o
xQueueRegistry      0x40              Middlewares/Third_Party/FreeRTOS/Source/queue.o
temp                0x4               Core/Src/main.o
pFlash              0x20              Drivers/STM32F3xx_HAL_Driver/Src/stm32f3xx_hal_flash.o
dataUpdate          0x4               Core/Src/main.o
Task1Handle         0x4               Core/Src/main.o
dht                 0x10              Core/Src/main.o
Task3Handle         0x4               Core/Src/main.o
Task2Handle         0x4               Core/Src/main.o
htim2               0x4c              Core/Src/main.o

Discarded input sections

 .text          0x0000000000000000        0x0 c:/st/stm32cubeide_1.6.0/stm32cubeide/plugins/com.st.stm32cube.ide.mcu.externaltools.gnu-tools-for-stm32.9-2020-q2-update.win32_1.5.0.202011040924/tools/bin/../lib/gcc/arm-none-eabi/9.3.1/thumb/v7e-m+fp/hard/crti.o
 .data          0x0000000000000000        0x0 c:/st/stm32cubeide_1.6.0/stm32cubeide/plugins/com.st.stm32cube.ide.mcu.externaltools.gnu-tools-for-stm32.9-2020-q2-update.win32_1.5.0.202011040924/tools/bin/../lib/gcc/arm-none-eabi/9.3.1/thumb/v7e-m+fp/hard/crti.o
 .bss           0x0000000000000000        0x0 c:/st/stm32cubeide_1.6.0/stm32cubeide/plugins/com.st.stm32cube.ide.mcu.externaltools.gnu-tools-for-stm32.9-2020-q2-update.win32_1.5.0.202011040924/tools/bin/../lib/gcc/arm-none-eabi/9.3.1/thumb/v7e-m+fp/hard/crti.o
 .data          0x0000000000000000        0x4 c:/st/stm32cubeide_1.6.0/stm32cubeide/plugins/com.st.stm32cube.ide.mcu.externaltools.gnu-tools-for-stm32.9-2020-q2-update.win32_1.5.0.202011040924/tools/bin/../lib/gcc/arm-none-eabi/9.3.1/thumb/v7e-m+fp/hard/crtbegin.o
[...]
Memory Configuration

Name             Origin             Length             Attributes
CCMRAM           0x0000000010000000 0x0000000000001000 xrw
RAM              0x0000000020000000 0x0000000000003000 xrw
FLASH            0x0000000008000000 0x0000000000010000 xr
*default*        0x0000000000000000 0xffffffffffffffff

Linker script and memory map

LOAD c:/st/stm32cubeide_1.6.0/stm32cubeide/plugins/com.st.stm32cube.ide.mcu.externaltools.gnu-tools-for-stm32.9-2020-q2-update.win32_1.5.0.202011040924/tools/bin/../lib/gcc/arm-none-eabi/9.3.1/thumb/v7e-m+fp/hard/crti.o
LOAD c:/st/stm32cubeide_1.6.0/stm32cubeide/plugins/com.st.stm32cube.ide.mcu.externaltools.gnu-tools-for-stm32.9-2020-q2-update.win32_1.5.0.202011040924/tools/bin/../lib/gcc/arm-none-eabi/9.3.1/thumb/v7e-m+fp/hard/crtbegin.o
LOAD c:/st/stm32cubeide_1.6.0/stm32cubeide/plugins/com.st.stm32cube.ide.mcu.externaltools.gnu-tools-for-stm32.9-2020-q2-update.win32_1.5.0.202011040924/tools/bin/../lib/gcc/arm-none-eabi/9.3.1/../../../../arm-none-eabi/lib/thumb/v7e-m+fp/hard/crt0.o
LOAD Core/Src/freertos.o
LOAD Core/Src/main.o
LOAD Core/Src/stm32f3xx_hal_msp.o
LOAD Core/Src/stm32f3xx_it.o
LOAD Core/Src/syscalls.o
LOAD Core/Src/sysmem.o
LOAD Core/Src/system_stm32f3xx.o
LOAD Core/Startup/startup_stm32f334c8tx.o
LOAD DHT11-STM32-Library-master/mk_dht11.o
LOAD Drivers/STM32F3xx_HAL_Driver/Src/stm32f3xx_hal.o
LOAD Drivers/STM32F3xx_HAL_Driver/Src/stm32f3xx_hal_cortex.o
LOAD Drivers/STM32F3xx_HAL_Driver/Src/stm32f3xx_hal_dma.o
LOAD Drivers/STM32F3xx_HAL_Driver/Src/stm32f3xx_hal_exti.o
LOAD Drivers/STM32F3xx_HAL_Driver/Src/stm32f3xx_hal_flash.o
LOAD Drivers/STM32F3xx_HAL_Driver/Src/stm32f3xx_hal_flash_ex.o
LOAD Drivers/STM32F3xx_HAL_Driver/Src/stm32f3xx_hal_gpio.o
LOAD Drivers/STM32F3xx_HAL_Driver/Src/stm32f3xx_hal_i2c.o
LOAD Drivers/STM32F3xx_HAL_Driver/Src/stm32f3xx_hal_i2c_ex.o
LOAD Drivers/STM32F3xx_HAL_Driver/Src/stm32f3xx_hal_pwr.o
LOAD Drivers/STM32F3xx_HAL_Driver/Src/stm32f3xx_hal_pwr_ex.o
LOAD Drivers/STM32F3xx_HAL_Driver/Src/stm32f3xx_hal_rcc.o
LOAD Drivers/STM32F3xx_HAL_Driver/Src/stm32f3xx_hal_rcc_ex.o
LOAD Drivers/STM32F3xx_HAL_Driver/Src/stm32f3xx_hal_tim.o
LOAD Drivers/STM32F3xx_HAL_Driver/Src/stm32f3xx_hal_tim_ex.o
LOAD Middlewares/Third_Party/FreeRTOS/Source/CMSIS_RTOS/cmsis_os.o
LOAD Middlewares/Third_Party/FreeRTOS/Source/croutine.o
LOAD Middlewares/Third_Party/FreeRTOS/Source/event_groups.o
LOAD Middlewares/Third_Party/FreeRTOS/Source/list.o
LOAD Middlewares/Third_Party/FreeRTOS/Source/queue.o
LOAD Middlewares/Third_Party/FreeRTOS/Source/stream_buffer.o
LOAD Middlewares/Third_Party/FreeRTOS/Source/tasks.o
LOAD Middlewares/Third_Party/FreeRTOS/Source/timers.o
LOAD Middlewares/Third_Party/FreeRTOS/Source/portable/GCC/ARM_CM4F/port.o
LOAD Middlewares/Third_Party/FreeRTOS/Source/portable/MemMang/heap_4.o
START GROUP
LOAD c:/st/stm32cubeide_1.6.0/stm32cubeide/plugins/com.st.stm32cube.ide.mcu.externaltools.gnu-tools-for-stm32.9-2020-q2-update.win32_1.5.0.202011040924/tools/bin/../lib/gcc/arm-none-eabi/9.3.1/../../../../arm-none-eabi/lib/thumb/v7e-m+fp/hard\libc_nano.a
LOAD c:/st/stm32cubeide_1.6.0/stm32cubeide/plugins/com.st.stm32cube.ide.mcu.externaltools.gnu-tools-for-stm32.9-2020-q2-update.win32_1.5.0.202011040924/tools/bin/../lib/gcc/arm-none-eabi/9.3.1/../../../../arm-none-eabi/lib/thumb/v7e-m+fp/hard\libm.a
END GROUP
START GROUP
LOAD c:/st/stm32cubeide_1.6.0/stm32cubeide/plugins/com.st.stm32cube.ide.mcu.externaltools.gnu-tools-for-stm32.9-2020-q2-update.win32_1.5.0.202011040924/tools/bin/../lib/gcc/arm-none-eabi/9.3.1/thumb/v7e-m+fp/hard\libgcc.a
LOAD c:/st/stm32cubeide_1.6.0/stm32cubeide/plugins/com.st.stm32cube.ide.mcu.externaltools.gnu-tools-for-stm32.9-2020-q2-update.win32_1.5.0.202011040924/tools/bin/../lib/gcc/arm-none-eabi/9.3.1/../../../../arm-none-eabi/lib/thumb/v7e-m+fp/hard\libc_nano.a
END GROUP
START GROUP
LOAD c:/st/stm32cubeide_1.6.0/stm32cubeide/plugins/com.st.stm32cube.ide.mcu.externaltools.gnu-tools-for-stm32.9-2020-q2-update.win32_1.5.0.202011040924/tools/bin/../lib/gcc/arm-none-eabi/9.3.1/thumb/v7e-m+fp/hard\libgcc.a
LOAD c:/st/stm32cubeide_1.6.0/stm32cubeide/plugins/com.st.stm32cube.ide.mcu.externaltools.gnu-tools-for-stm32.9-2020-q2-update.win32_1.5.0.202011040924/tools/bin/../lib/gcc/arm-none-eabi/9.3.1/../../../../arm-none-eabi/lib/thumb/v7e-m+fp/hard\libc_nano.a
LOAD c:/st/stm32cubeide_1.6.0/stm32cubeide/plugins/com.st.stm32cube.ide.mcu.externaltools.gnu-tools-for-stm32.9-2020-q2-update.win32_1.5.0.202011040924/tools/bin/../lib/gcc/arm-none-eabi/9.3.1/../../../../arm-none-eabi/lib/thumb/v7e-m+fp/hard\libnosys.a
END GROUP
START GROUP
LOAD c:/st/stm32cubeide_1.6.0/stm32cubeide/plugins/com.st.stm32cube.ide.mcu.externaltools.gnu-tools-for-stm32.9-2020-q2-update.win32_1.5.0.202011040924/tools/bin/../lib/gcc/arm-none-eabi/9.3.1/thumb/v7e-m+fp/hard\libgcc.a
LOAD c:/st/stm32cubeide_1.6.0/stm32cubeide/plugins/com.st.stm32cube.ide.mcu.externaltools.gnu-tools-for-stm32.9-2020-q2-update.win32_1.5.0.202011040924/tools/bin/../lib/gcc/arm-none-eabi/9.3.1/../../../../arm-none-eabi/lib/thumb/v7e-m+fp/hard\libc_nano.a
LOAD c:/st/stm32cubeide_1.6.0/stm32cubeide/plugins/com.st.stm32cube.ide.mcu.externaltools.gnu-tools-for-stm32.9-2020-q2-update.win32_1.5.0.202011040924/tools/bin/../lib/gcc/arm-none-eabi/9.3.1/../../../../arm-none-eabi/lib/thumb/v7e-m+fp/hard\libnosys.a
END GROUP
LOAD c:/st/stm32cubeide_1.6.0/stm32cubeide/plugins/com.st.stm32cube.ide.mcu.externaltools.gnu-tools-for-stm32.9-2020-q2-update.win32_1.5.0.202011040924/tools/bin/../lib/gcc/arm-none-eabi/9.3.1/thumb/v7e-m+fp/hard/crtend.o
LOAD c:/st/stm32cubeide_1.6.0/stm32cubeide/plugins/com.st.stm32cube.ide.mcu.externaltools.gnu-tools-for-stm32.9-2020-q2-update.win32_1.5.0.202011040924/tools/bin/../lib/gcc/arm-none-eabi/9.3.1/thumb/v7e-m+fp/hard/crtn.o
                0x0000000020003000                _estack = (ORIGIN (RAM) + LENGTH (RAM))
                0x0000000000000200                _Min_Heap_Size = 0x200
                0x0000000000000400                _Min_Stack_Size = 0x400

.isr_vector     0x0000000008000000      0x188
                0x0000000008000000                . = ALIGN (0x4)
 *(.isr_vector)
 .isr_vector    0x0000000008000000      0x188 Core/Startup/startup_stm32f334c8tx.o
                0x0000000008000000                g_pfnVectors
                0x0000000008000188                . = ALIGN (0x4)

.text           0x0000000008000190     0x3eec
                0x0000000008000190                . = ALIGN (0x4)
 *(.text)
 .text          0x0000000008000190       0x40 c:/st/stm32cubeide_1.6.0/stm32cubeide/plugins/com.st.stm32cube.ide.mcu.externaltools.gnu-tools-for-stm32.9-2020-q2-update.win32_1.5.0.202011040924/tools/bin/../lib/gcc/arm-none-eabi/9.3.1/thumb/v7e-m+fp/hard/crtbegin.o
 *(.text*)
 .text.vApplicationGetIdleTaskMemory
                0x00000000080001d0       0x34 Core/Src/freertos.o
                0x00000000080001d0                vApplicationGetIdleTaskMemory
 .text.napBit0  0x0000000008000204       0x34 Core/Src/main.o
                0x0000000008000204                napBit0
 .text.napBit1  0x0000000008000238       0x34 Core/Src/main.o
                0x0000000008000238                napBit1
 .text.xoaBoNho
                0x000000000800026c       0x26 Core/Src/main.o
                0x000000000800026c                xoaBoNho
 *fill*         0x0000000008000292        0x2 
 .text.led7DoanInit
                0x0000000008000294       0x30 Core/Src/main.o
                0x0000000008000294                led7DoanInit
 .text.convert  0x00000000080002c4       0x4e Core/Src/main.o
                0x00000000080002c4                convert
 *fill*         0x0000000008000312        0x2 
 .text.hienThi  0x0000000008000314       0x20 Core/Src/main.o
                0x0000000008000314                hienThi
 .text.show     0x0000000008000334       0xcc Core/Src/main.o
                0x0000000008000334                show
 .text.playBipBip
                0x0000000008000400       0x46 Core/Src/main.o
                0x0000000008000400                playBipBip
 *fill*         0x0000000008000446        0x2 
 .text.main     0x0000000008000448       0xc4 Core/Src/main.o
                0x0000000008000448                main
 .text.SystemClock_Config
                0x000000000800050c       0x80 Core/Src/main.o
                0x000000000800050c                SystemClock_Config
 .text.MX_TIM2_Init
                0x000000000800058c       0x9c Core/Src/main.o
 .text.MX_GPIO_Init
                0x0000000008000628      0x11c Core/Src/main.o
 .text.StartDefaultTask
                0x0000000008000744       0x30 Core/Src/main.o
                0x0000000008000744                StartDefaultTask
 .text.StartTask02
                0x0000000008000774       0x40 Core/Src/main.o
                0x0000000008000774                StartTask02
 .text.StartTask03
                0x00000000080007b4       0x7c Core/Src/main.o
                0x00000000080007b4                StartTask03
 .text.Error_Handler
                0x0000000008000830        0xa Core/Src/main.o
                0x0000000008000830                Error_Handler
 *fill*         0x000000000800083a        0x2 
 .text.HAL_MspInit
                0x000000000800083c       0x50 Core/Src/stm32f3xx_hal_msp.o
                0x000000000800083c                HAL_MspInit
 .text.HAL_TIM_Base_MspInit
                0x000000000800088c       0x3c Core/Src/stm32f3xx_hal_msp.o
                0x000000000800088c                HAL_TIM_Base_MspInit
 .text.NMI_Handler
                0x00000000080008c8        0x6 Core/Src/stm32f3xx_it.o
                0x00000000080008c8                NMI_Handler
 .text.HardFault_Handler
                0x00000000080008ce        0x6 Core/Src/stm32f3xx_it.o
                0x00000000080008ce                HardFault_Handler
 .text.MemManage_Handler
                0x00000000080008d4        0x6 Core/Src/stm32f3xx_it.o
                0x00000000080008d4                MemManage_Handler
 .text.BusFault_Handler
                0x00000000080008da        0x6 Core/Src/stm32f3xx_it.o
                0x00000000080008da                BusFault_Handler
 .text.UsageFault_Handler
                0x00000000080008e0        0x6 Core/Src/stm32f3xx_it.o
                0x00000000080008e0                UsageFault_Handler
 .text.DebugMon_Handler
                0x00000000080008e6        0xe Core/Src/stm32f3xx_it.o
                0x00000000080008e6                DebugMon_Handler
 .text.SysTick_Handler
                0x00000000080008f4       0x1a Core/Src/stm32f3xx_it.o
                0x00000000080008f4                SysTick_Handler
 *fill*         0x000000000800090e        0x2 
 .text.SystemInit
                0x0000000008000910       0x24 Core/Src/system_stm32f3xx.o
                0x0000000008000910                SystemInit
 .text.Reset_Handler
                0x0000000008000934       0x50 Core/Startup/startup_stm32f334c8tx.o
                0x0000000008000934                Reset_Handler
 .text.Default_Handler
                0x0000000008000984        0x2 Core/Startup/startup_stm32f334c8tx.o
                0x0000000008000984                RTC_Alarm_IRQHandler
                0x0000000008000984                HRTIM1_Master_IRQHandler
                0x0000000008000984                TIM1_CC_IRQHandler
                0x0000000008000984                HRTIM1_FLT_IRQHandler
                0x0000000008000984                PVD_IRQHandler
                0x0000000008000984                HRTIM1_TIMD_IRQHandler
                0x0000000008000984                TAMP_STAMP_IRQHandler
                0x0000000008000984                EXTI3_IRQHandler
                0x0000000008000984                EXTI0_IRQHandler
                0x0000000008000984                FPU_IRQHandler
                0x0000000008000984                CAN_TX_IRQHandler
                0x0000000008000984                TIM1_UP_TIM16_IRQHandler
                0x0000000008000984                ADC1_2_IRQHandler
                0x0000000008000984                HRTIM1_TIME_IRQHandler
                0x0000000008000984                SPI1_IRQHandler
                0x0000000008000984                CAN_SCE_IRQHandler
                0x0000000008000984                HRTIM1_TIMC_IRQHandler
                0x0000000008000984                DMA1_Channel4_IRQHandler
                0x0000000008000984                USART3_IRQHandler
                0x0000000008000984                DMA1_Channel7_IRQHandler
                0x0000000008000984                TIM7_DAC2_IRQHandler
                0x0000000008000984                CAN_RX1_IRQHandler
                0x0000000008000984                I2C1_EV_IRQHandler
                0x0000000008000984                DMA1_Channel6_IRQHandler
                0x0000000008000984                TIM3_IRQHandler
                0x0000000008000984                RCC_IRQHandler
                0x0000000008000984                DMA1_Channel1_IRQHandler
                0x0000000008000984                Default_Handler
                0x0000000008000984                EXTI15_10_IRQHandler
                0x0000000008000984                COMP2_IRQHandler
                0x0000000008000984                HRTIM1_TIMA_IRQHandler
                0x0000000008000984                TIM6_DAC1_IRQHandler
                0x0000000008000984                EXTI9_5_IRQHandler
                0x0000000008000984                RTC_WKUP_IRQHandler
                0x0000000008000984                DMA1_Channel5_IRQHandler
                0x0000000008000984                EXTI4_IRQHandler
                0x0000000008000984                HRTIM1_TIMB_IRQHandler
                0x0000000008000984                TIM1_TRG_COM_TIM17_IRQHandler
                0x0000000008000984                DMA1_Channel3_IRQHandler
                0x0000000008000984                WWDG_IRQHandler
                0x0000000008000984                TIM2_IRQHandler
                0x0000000008000984                EXTI1_IRQHandler
                0x0000000008000984                COMP4_6_IRQHandler
                0x0000000008000984                USART2_IRQHandler
                0x0000000008000984                DMA1_Channel2_IRQHandler
                0x0000000008000984                FLASH_IRQHandler
                0x0000000008000984                USART1_IRQHandler
                0x0000000008000984                CAN_RX0_IRQHandler
                0x0000000008000984                I2C1_ER_IRQHandler
                0x0000000008000984                EXTI2_TSC_IRQHandler
                0x0000000008000984                TIM1_BRK_TIM15_IRQHandler
 .text.init_dht11
                0x0000000008000986       0x2c DHT11-STM32-Library-master/mk_dht11.o
                0x0000000008000986                init_dht11
 .text.set_dht11_gpio_mode
                0x00000000080009b2       0x76 DHT11-STM32-Library-master/mk_dht11.o
                0x00000000080009b2                set_dht11_gpio_mode
 .text.readDHT11
                0x0000000008000a28      0x2f0 DHT11-STM32-Library-master/mk_dht11.o
                0x0000000008000a28                readDHT11
 .text.HAL_Init
                0x0000000008000d18       0x2c Drivers/STM32F3xx_HAL_Driver/Src/stm32f3xx_hal.o
                0x0000000008000d18                HAL_Init
 .text.HAL_InitTick
                0x0000000008000d44       0x60 Drivers/STM32F3xx_HAL_Driver/Src/stm32f3xx_hal.o
                0x0000000008000d44                HAL_InitTick
 .text.HAL_IncTick
                0x0000000008000da4       0x28 Drivers/STM32F3xx_HAL_Driver/Src/stm32f3xx_hal.o
                0x0000000008000da4                HAL_IncTick
 .text.HAL_GetTick
                0x0000000008000dcc       0x18 Drivers/STM32F3xx_HAL_Driver/Src/stm32f3xx_hal.o
                0x0000000008000dcc                HAL_GetTick
 .text.HAL_Delay
                0x0000000008000de4       0x48 Drivers/STM32F3xx_HAL_Driver/Src/stm32f3xx_hal.o
                0x0000000008000de4                HAL_Delay
 .text.__NVIC_SetPriorityGrouping
                0x0000000008000e2c       0x48 Drivers/STM32F3xx_HAL_Driver/Src/stm32f3xx_hal_cortex.o
 .text.__NVIC_GetPriorityGrouping
                0x0000000008000e74       0x1c Drivers/STM32F3xx_HAL_Driver/Src/stm32f3xx_hal_cortex.o
 .text.__NVIC_SetPriority
                0x0000000008000e90       0x54 Drivers/STM32F3xx_HAL_Driver/Src/stm32f3xx_hal_cortex.o
 .text.NVIC_EncodePriority
                0x0000000008000ee4       0x66 Drivers/STM32F3xx_HAL_Driver/Src/stm32f3xx_hal_cortex.o
 *fill*         0x0000000008000f4a        0x2 
 .text.SysTick_Config
                0x0000000008000f4c       0x44 Drivers/STM32F3xx_HAL_Driver/Src/stm32f3xx_hal_cortex.o
 .text.HAL_NVIC_SetPriorityGrouping
                0x0000000008000f90       0x16 Drivers/STM32F3xx_HAL_Driver/Src/stm32f3xx_hal_cortex.o
                0x0000000008000f90                HAL_NVIC_SetPriorityGrouping
 .text.HAL_NVIC_SetPriority
                0x0000000008000fa6       0x38 Drivers/STM32F3xx_HAL_Driver/Src/stm32f3xx_hal_cortex.o
                0x0000000008000fa6                HAL_NVIC_SetPriority
 .text.HAL_SYSTICK_Config
                0x0000000008000fde       0x18 Drivers/STM32F3xx_HAL_Driver/Src/stm32f3xx_hal_cortex.o
                0x0000000008000fde                HAL_SYSTICK_Config
 *fill*         0x0000000008000ff6        0x2 
 .text.HAL_GPIO_Init
                0x0000000008000ff8      0x2e4 Drivers/STM32F3xx_HAL_Driver/Src/stm32f3xx_hal_gpio.o
                0x0000000008000ff8                HAL_GPIO_Init
 .text.HAL_GPIO_ReadPin
                0x00000000080012dc       0x30 Drivers/STM32F3xx_HAL_Driver/Src/stm32f3xx_hal_gpio.o
                0x00000000080012dc                HAL_GPIO_ReadPin
 .text.HAL_GPIO_WritePin
                0x000000000800130c       0x30 Drivers/STM32F3xx_HAL_Driver/Src/stm32f3xx_hal_gpio.o
                0x000000000800130c                HAL_GPIO_WritePin
 .text.HAL_RCC_OscConfig
                0x000000000800133c      0xe10 Drivers/STM32F3xx_HAL_Driver/Src/stm32f3xx_hal_rcc.o
                0x000000000800133c                HAL_RCC_OscConfig
 .text.HAL_RCC_ClockConfig
                0x000000000800214c      0x2f8 Drivers/STM32F3xx_HAL_Driver/Src/stm32f3xx_hal_rcc.o
                0x000000000800214c                HAL_RCC_ClockConfig
 .text.HAL_RCC_GetSysClockFreq
                0x0000000008002444       0xd4 Drivers/STM32F3xx_HAL_Driver/Src/stm32f3xx_hal_rcc.o
                0x0000000008002444                HAL_RCC_GetSysClockFreq
 .text.HAL_TIM_Base_Init
                0x0000000008002518       0xae Drivers/STM32F3xx_HAL_Driver/Src/stm32f3xx_hal_tim.o
                0x0000000008002518                HAL_TIM_Base_Init
 *fill*         0x00000000080025c6        0x2 
 .text.HAL_TIM_Base_Start
                0x00000000080025c8       0xa8 Drivers/STM32F3xx_HAL_Driver/Src/stm32f3xx_hal_tim.o
                0x00000000080025c8                HAL_TIM_Base_Start
 .text.HAL_TIM_Base_Stop
                0x0000000008002670       0x4e Drivers/STM32F3xx_HAL_Driver/Src/stm32f3xx_hal_tim.o
                0x0000000008002670                HAL_TIM_Base_Stop
 .text.HAL_TIM_ConfigClockSource
                0x00000000080026be      0x18c Drivers/STM32F3xx_HAL_Driver/Src/stm32f3xx_hal_tim.o
                0x00000000080026be                HAL_TIM_ConfigClockSource
 *fill*         0x000000000800284a        0x2 
 .text.TIM_Base_SetConfig
                0x000000000800284c       0xf0 Drivers/STM32F3xx_HAL_Driver/Src/stm32f3xx_hal_tim.o
                0x000000000800284c                TIM_Base_SetConfig
 .text.TIM_TI1_ConfigInputStage
                0x000000000800293c       0x5e Drivers/STM32F3xx_HAL_Driver/Src/stm32f3xx_hal_tim.o
 .text.TIM_TI2_ConfigInputStage
                0x000000000800299a       0x60 Drivers/STM32F3xx_HAL_Driver/Src/stm32f3xx_hal_tim.o
 .text.TIM_ITRx_SetConfig
                0x00000000080029fa       0x36 Drivers/STM32F3xx_HAL_Driver/Src/stm32f3xx_hal_tim.o
 .text.TIM_ETR_SetConfig
                0x0000000008002a30       0x40 Drivers/STM32F3xx_HAL_Driver/Src/stm32f3xx_hal_tim.o
                0x0000000008002a30                TIM_ETR_SetConfig
 .text.HAL_TIMEx_MasterConfigSynchronization
                0x0000000008002a70       0xdc Drivers/STM32F3xx_HAL_Driver/Src/stm32f3xx_hal_tim_ex.o
                0x0000000008002a70                HAL_TIMEx_MasterConfigSynchronization
 .text.makeFreeRtosPriority
                0x0000000008002b4c       0x30 Middlewares/Third_Party/FreeRTOS/Source/CMSIS_RTOS/cmsis_os.o
 .text.osKernelStart
                0x0000000008002b7c        0xe Middlewares/Third_Party/FreeRTOS/Source/CMSIS_RTOS/cmsis_os.o
                0x0000000008002b7c                osKernelStart
 .text.osThreadCreate
                0x0000000008002b8a       0x98 Middlewares/Third_Party/FreeRTOS/Source/CMSIS_RTOS/cmsis_os.o
                0x0000000008002b8a                osThreadCreate
 .text.osDelay  0x0000000008002c22       0x28 Middlewares/Third_Party/FreeRTOS/Source/CMSIS_RTOS/cmsis_os.o
                0x0000000008002c22                osDelay
 .text.vListInitialise
                0x0000000008002c4a       0x40 Middlewares/Third_Party/FreeRTOS/Source/list.o
                0x0000000008002c4a                vListInitialise
 .text.vListInitialiseItem
                0x0000000008002c8a       0x1a Middlewares/Third_Party/FreeRTOS/Source/list.o
                0x0000000008002c8a                vListInitialiseItem
 .text.vListInsertEnd
                0x0000000008002ca4       0x48 Middlewares/Third_Party/FreeRTOS/Source/list.o
                0x0000000008002ca4                vListInsertEnd
 .text.vListInsert
                0x0000000008002cec       0x72 Middlewares/Third_Party/FreeRTOS/Source/list.o
                0x0000000008002cec                vListInsert
 .text.uxListRemove
                0x0000000008002d5e       0x54 Middlewares/Third_Party/FreeRTOS/Source/list.o
                0x0000000008002d5e                uxListRemove
 .text.xTaskCreateStatic
                0x0000000008002db2       0xb8 Middlewares/Third_Party/FreeRTOS/Source/tasks.o
                0x0000000008002db2                xTaskCreateStatic
 .text.xTaskCreate
                0x0000000008002e6a       0x8a Middlewares/Third_Party/FreeRTOS/Source/tasks.o
                0x0000000008002e6a                xTaskCreate
 .text.prvInitialiseNewTask
                0x0000000008002ef4       0xfe Middlewares/Third_Party/FreeRTOS/Source/tasks.o
 *fill*         0x0000000008002ff2        0x2 
 .text.prvAddNewTaskToReadyList
                0x0000000008002ff4       0xd4 Middlewares/Third_Party/FreeRTOS/Source/tasks.o
 .text.vTaskDelay
                0x00000000080030c8       0x68 Middlewares/Third_Party/FreeRTOS/Source/tasks.o
                0x00000000080030c8                vTaskDelay
 .text.vTaskStartScheduler
                0x0000000008003130       0xc0 Middlewares/Third_Party/FreeRTOS/Source/tasks.o
                0x0000000008003130                vTaskStartScheduler
 .text.vTaskSuspendAll
                0x00000000080031f0       0x1c Middlewares/Third_Party/FreeRTOS/Source/tasks.o
                0x00000000080031f0                vTaskSuspendAll
 .text.xTaskResumeAll
                0x000000000800320c      0x138 Middlewares/Third_Party/FreeRTOS/Source/tasks.o
                0x000000000800320c                xTaskResumeAll
 .text.xTaskIncrementTick
                0x0000000008003344      0x17c Middlewares/Third_Party/FreeRTOS/Source/tasks.o
                0x0000000008003344                xTaskIncrementTick
 .text.vTaskSwitchContext
                0x00000000080034c0       0xb8 Middlewares/Third_Party/FreeRTOS/Source/tasks.o
                0x00000000080034c0                vTaskSwitchContext
 .text.prvIdleTask
                0x0000000008003578       0x30 Middlewares/Third_Party/FreeRTOS/Source/tasks.o
 .text.prvInitialiseTaskLists
                0x00000000080035a8       0x80 Middlewares/Third_Party/FreeRTOS/Source/tasks.o
 .text.prvCheckTasksWaitingTermination
                0x0000000008003628       0x5c Middlewares/Third_Party/FreeRTOS/Source/tasks.o
 .text.prvDeleteTCB
                0x0000000008003684       0x5e Middlewares/Third_Party/FreeRTOS/Source/tasks.o
 *fill*         0x00000000080036e2        0x2 
 .text.prvResetNextTaskUnblockTime
                0x00000000080036e4       0x4c Middlewares/Third_Party/FreeRTOS/Source/tasks.o
 .text.xTaskGetSchedulerState
                0x0000000008003730       0x3c Middlewares/Third_Party/FreeRTOS/Source/tasks.o
                0x0000000008003730                xTaskGetSchedulerState
 .text.prvAddCurrentTaskToDelayedList
                0x000000000800376c       0xcc Middlewares/Third_Party/FreeRTOS/Source/tasks.o
 .text.pxPortInitialiseStack
                0x0000000008003838       0x68 Middlewares/Third_Party/FreeRTOS/Source/portable/GCC/ARM_CM4F/port.o
                0x0000000008003838                pxPortInitialiseStack
 .text.prvTaskExitError
                0x00000000080038a0       0x58 Middlewares/Third_Party/FreeRTOS/Source/portable/GCC/ARM_CM4F/port.o
 *fill*         0x00000000080038f8        0x8 
 .text.SVC_Handler
                0x0000000008003900       0x28 Middlewares/Third_Party/FreeRTOS/Source/portable/GCC/ARM_CM4F/port.o
                0x0000000008003900                SVC_Handler
 .text.prvPortStartFirstTask
                0x0000000008003928       0x28 Middlewares/Third_Party/FreeRTOS/Source/portable/GCC/ARM_CM4F/port.o
 .text.xPortStartScheduler
                0x0000000008003950      0x144 Middlewares/Third_Party/FreeRTOS/Source/portable/GCC/ARM_CM4F/port.o
                0x0000000008003950                xPortStartScheduler
 .text.vPortEnterCritical
                0x0000000008003a94       0x60 Middlewares/Third_Party/FreeRTOS/Source/portable/GCC/ARM_CM4F/port.o
                0x0000000008003a94                vPortEnterCritical
 .text.vPortExitCritical
                0x0000000008003af4       0x54 Middlewares/Third_Party/FreeRTOS/Source/portable/GCC/ARM_CM4F/port.o
                0x0000000008003af4                vPortExitCritical
 *fill*         0x0000000008003b48        0x8 
 .text.PendSV_Handler
                0x0000000008003b50       0x68 Middlewares/Third_Party/FreeRTOS/Source/portable/GCC/ARM_CM4F/port.o
                0x0000000008003b50                PendSV_Handler
 .text.xPortSysTickHandler
                0x0000000008003bb8       0x44 Middlewares/Third_Party/FreeRTOS/Source/portable/GCC/ARM_CM4F/port.o
                0x0000000008003bb8                xPortSysTickHandler
 .text.vPortSetupTimerInterrupt
                0x0000000008003bfc       0x48 Middlewares/Third_Party/FreeRTOS/Source/portable/GCC/ARM_CM4F/port.o
                0x0000000008003bfc                vPortSetupTimerInterrupt
 .text.vPortEnableVFP
                0x0000000008003c44       0x14 Middlewares/Third_Party/FreeRTOS/Source/portable/GCC/ARM_CM4F/port.o
 .text.pvPortMalloc
                0x0000000008003c58      0x188 Middlewares/Third_Party/FreeRTOS/Source/portable/MemMang/heap_4.o
                0x0000000008003c58                pvPortMalloc
 .text.vPortFree
                0x0000000008003de0       0xb4 Middlewares/Third_Party/FreeRTOS/Source/portable/MemMang/heap_4.o
                0x0000000008003de0                vPortFree
 .text.prvHeapInit
                0x0000000008003e94       0xc4 Middlewares/Third_Party/FreeRTOS/Source/portable/MemMang/heap_4.o
 .text.prvInsertBlockIntoFreeList
                0x0000000008003f58       0xb4 Middlewares/Third_Party/FreeRTOS/Source/portable/MemMang/heap_4.o
 .text.__libc_init_array
                0x000000000800400c       0x48 c:/st/stm32cubeide_1.6.0/stm32cubeide/plugins/com.st.stm32cube.ide.mcu.externaltools.gnu-tools-for-stm32.9-2020-q2-update.win32_1.5.0.202011040924/tools/bin/../lib/gcc/arm-none-eabi/9.3.1/../../../../arm-none-eabi/lib/thumb/v7e-m+fp/hard\libc_nano.a(lib_a-init.o)
                0x000000000800400c                __libc_init_array
 .text.memset   0x0000000008004054       0x10 c:/st/stm32cubeide_1.6.0/stm32cubeide/plugins/com.st.stm32cube.ide.mcu.externaltools.gnu-tools-for-stm32.9-2020-q2-update.win32_1.5.0.202011040924/tools/bin/../lib/gcc/arm-none-eabi/9.3.1/../../../../arm-none-eabi/lib/thumb/v7e-m+fp/hard\libc_nano.a(lib_a-memset.o)
                0x0000000008004054                memset
 *(.glue_7)
 .glue_7        0x0000000008004064        0x0 linker stubs
 *(.glue_7t)
 .glue_7t       0x0000000008004064        0x0 linker stubs
 *(.eh_frame)
 .eh_frame      0x0000000008004064        0x0 c:/st/stm32cubeide_1.6.0/stm32cubeide/plugins/com.st.stm32cube.ide.mcu.externaltools.gnu-tools-for-stm32.9-2020-q2-update.win32_1.5.0.202011040924/tools/bin/../lib/gcc/arm-none-eabi/9.3.1/thumb/v7e-m+fp/hard/crtbegin.o
 *(.init)
 .init          0x0000000008004064        0x4 c:/st/stm32cubeide_1.6.0/stm32cubeide/plugins/com.st.stm32cube.ide.mcu.externaltools.gnu-tools-for-stm32.9-2020-q2-update.win32_1.5.0.202011040924/tools/bin/../lib/gcc/arm-none-eabi/9.3.1/thumb/v7e-m+fp/hard/crti.o
                0x0000000008004064                _init
 .init          0x0000000008004068        0x8 c:/st/stm32cubeide_1.6.0/stm32cubeide/plugins/com.st.stm32cube.ide.mcu.externaltools.gnu-tools-for-stm32.9-2020-q2-update.win32_1.5.0.202011040924/tools/bin/../lib/gcc/arm-none-eabi/9.3.1/thumb/v7e-m+fp/hard/crtn.o
 *(.fini)
 .fini          0x0000000008004070        0x4 c:/st/stm32cubeide_1.6.0/stm32cubeide/plugins/com.st.stm32cube.ide.mcu.externaltools.gnu-tools-for-stm32.9-2020-q2-update.win32_1.5.0.202011040924/tools/bin/../lib/gcc/arm-none-eabi/9.3.1/thumb/v7e-m+fp/hard/crti.o
                0x0000000008004070                _fini
 .fini          0x0000000008004074        0x8 c:/st/stm32cubeide_1.6.0/stm32cubeide/plugins/com.st.stm32cube.ide.mcu.externaltools.gnu-tools-for-stm32.9-2020-q2-update.win32_1.5.0.202011040924/tools/bin/../lib/gcc/arm-none-eabi/9.3.1/thumb/v7e-m+fp/hard/crtn.o
                0x000000000800407c                . = ALIGN (0x4)
                0x000000000800407c                _etext = .

.vfp11_veneer   0x000000000800407c        0x0
 .vfp11_veneer  0x000000000800407c        0x0 linker stubs

.v4_bx          0x000000000800407c        0x0
 .v4_bx         0x000000000800407c        0x0 linker stubs

.iplt           0x000000000800407c        0x0
 .iplt          0x000000000800407c        0x0 c:/st/stm32cubeide_1.6.0/stm32cubeide/plugins/com.st.stm32cube.ide.mcu.externaltools.gnu-tools-for-stm32.9-2020-q2-update.win32_1.5.0.202011040924/tools/bin/../lib/gcc/arm-none-eabi/9.3.1/thumb/v7e-m+fp/hard/crtbegin.o

.rodata         0x000000000800407c       0xa4
                0x000000000800407c                . = ALIGN (0x4)
 *(.rodata)
 .rodata        0x000000000800407c       0x6c Core/Src/main.o
 .rodata        0x00000000080040e8        0x5 Middlewares/Third_Party/FreeRTOS/Source/tasks.o
 *(.rodata*)
 *fill*         0x00000000080040ed        0x3 
 .rodata.AHBPrescTable
                0x00000000080040f0       0x10 Core/Src/system_stm32f3xx.o
                0x00000000080040f0                AHBPrescTable
 .rodata.aPLLMULFactorTable
                0x0000000008004100       0x10 Drivers/STM32F3xx_HAL_Driver/Src/stm32f3xx_hal_rcc.o
                0x0000000008004100                aPLLMULFactorTable
 .rodata.aPredivFactorTable
                0x0000000008004110       0x10 Drivers/STM32F3xx_HAL_Driver/Src/stm32f3xx_hal_rcc.o
                0x0000000008004110                aPredivFactorTable
                0x0000000008004120                . = ALIGN (0x4)

.rel.dyn        0x0000000008004120        0x0
 .rel.iplt      0x0000000008004120        0x0 c:/st/stm32cubeide_1.6.0/stm32cubeide/plugins/com.st.stm32cube.ide.mcu.externaltools.gnu-tools-for-stm32.9-2020-q2-update.win32_1.5.0.202011040924/tools/bin/../lib/gcc/arm-none-eabi/9.3.1/thumb/v7e-m+fp/hard/crtbegin.o

.ARM.extab      0x0000000008004120        0x0
                0x0000000008004120                . = ALIGN (0x4)
 *(.ARM.extab* .gnu.linkonce.armextab.*)
                0x0000000008004120                . = ALIGN (0x4)

.ARM            0x0000000008004120        0x0
                0x0000000008004120                . = ALIGN (0x4)
                0x0000000008004120                __exidx_start = .
 *(.ARM.exidx*)
                0x0000000008004120                __exidx_end = .
                0x0000000008004120                . = ALIGN (0x4)

.preinit_array  0x0000000008004120        0x0
                0x0000000008004120                . = ALIGN (0x4)
                0x0000000008004120                PROVIDE (__preinit_array_start = .)
 *(.preinit_array*)
                0x0000000008004120                PROVIDE (__preinit_array_end = .)
                0x0000000008004120                . = ALIGN (0x4)

.init_array     0x0000000008004120        0x4
                0x0000000008004120                . = ALIGN (0x4)
                0x0000000008004120                PROVIDE (__init_array_start = .)
 *(SORT_BY_NAME(.init_array.*))
 *(.init_array*)
 .init_array    0x0000000008004120        0x4 c:/st/stm32cubeide_1.6.0/stm32cubeide/plugins/com.st.stm32cube.ide.mcu.externaltools.gnu-tools-for-stm32.9-2020-q2-update.win32_1.5.0.202011040924/tools/bin/../lib/gcc/arm-none-eabi/9.3.1/thumb/v7e-m+fp/hard/crtbegin.o
                0x0000000008004124                PROVIDE (__init_array_end = .)
                0x0000000008004124                . = ALIGN (0x4)

.fini_array     0x0000000008004124        0x4
                0x0000000008004124                . = ALIGN (0x4)
                [!provide]                        PROVIDE (__fini_array_start = .)
 *(SORT_BY_NAME(.fini_array.*))
 *(.fini_array*)
 .fini_array    0x0000000008004124        0x4 c:/st/stm32cubeide_1.6.0/stm32cubeide/plugins/com.st.stm32cube.ide.mcu.externaltools.gnu-tools-for-stm32.9-2020-q2-update.win32_1.5.0.202011040924/tools/bin/../lib/gcc/arm-none-eabi/9.3.1/thumb/v7e-m+fp/hard/crtbegin.o
                [!provide]                        PROVIDE (__fini_array_end = .)
                0x0000000008004128                . = ALIGN (0x4)
                0x0000000008004128                _sidata = LOADADDR (.data)

.data           0x0000000020000000       0x1c load address 0x0000000008004128
                0x0000000020000000                . = ALIGN (0x4)
                0x0000000020000000                _sdata = .
 *(.data)
 *(.data*)
 .data.data     0x0000000020000000        0xa Core/Src/main.o
                0x0000000020000000                data
 *fill*         0x000000002000000a        0x2 
 .data.SystemCoreClock
                0x000000002000000c        0x4 Core/Src/system_stm32f3xx.o
                0x000000002000000c                SystemCoreClock
 .data.uwTickPrio
                0x0000000020000010        0x4 Drivers/STM32F3xx_HAL_Driver/Src/stm32f3xx_hal.o
                0x0000000020000010                uwTickPrio
 .data.uwTickFreq
                0x0000000020000014        0x1 Drivers/STM32F3xx_HAL_Driver/Src/stm32f3xx_hal.o
                0x0000000020000014                uwTickFreq
 *fill*         0x0000000020000015        0x3 
 .data.uxCriticalNesting
                0x0000000020000018        0x4 Middlewares/Third_Party/FreeRTOS/Source/portable/GCC/ARM_CM4F/port.o
 *(.RamFunc)
 *(.RamFunc*)
                0x000000002000001c                . = ALIGN (0x4)
                0x000000002000001c                _edata = .

.igot.plt       0x000000002000001c        0x0 load address 0x0000000008004144
 .igot.plt      0x000000002000001c        0x0 c:/st/stm32cubeide_1.6.0/stm32cubeide/plugins/com.st.stm32cube.ide.mcu.externaltools.gnu-tools-for-stm32.9-2020-q2-update.win32_1.5.0.202011040924/tools/bin/../lib/gcc/arm-none-eabi/9.3.1/thumb/v7e-m+fp/hard/crtbegin.o
                0x000000002000001c                . = ALIGN (0x4)

.bss            0x000000002000001c     0x1030 load address 0x0000000008004144
                0x000000002000001c                _sbss = .
                0x000000002000001c                __bss_start__ = _sbss
 *(.bss)
 .bss           0x000000002000001c       0x1c c:/st/stm32cubeide_1.6.0/stm32cubeide/plugins/com.st.stm32cube.ide.mcu.externaltools.gnu-tools-for-stm32.9-2020-q2-update.win32_1.5.0.202011040924/tools/bin/../lib/gcc/arm-none-eabi/9.3.1/thumb/v7e-m+fp/hard/crtbegin.o
 *(.bss*)
 .bss.xIdleTaskTCBBuffer
                0x0000000020000038       0x54 Core/Src/freertos.o
 .bss.xIdleStack
                0x000000002000008c      0x200 Core/Src/freertos.o
 .bss.pxCurrentTCB
                0x000000002000028c        0x4 Middlewares/Third_Party/FreeRTOS/Source/tasks.o
                0x000000002000028c                pxCurrentTCB
 .bss.pxReadyTasksLists
                0x0000000020000290       0x8c Middlewares/Third_Party/FreeRTOS/Source/tasks.o
 .bss.xDelayedTaskList1
                0x000000002000031c       0x14 Middlewares/Third_Party/FreeRTOS/Source/tasks.o
 .bss.xDelayedTaskList2
                0x0000000020000330       0x14 Middlewares/Third_Party/FreeRTOS/Source/tasks.o
 .bss.pxDelayedTaskList
                0x0000000020000344        0x4 Middlewares/Third_Party/FreeRTOS/Source/tasks.o
 .bss.pxOverflowDelayedTaskList
                0x0000000020000348        0x4 Middlewares/Third_Party/FreeRTOS/Source/tasks.o
 .bss.xPendingReadyList
                0x000000002000034c       0x14 Middlewares/Third_Party/FreeRTOS/Source/tasks.o
 .bss.xTasksWaitingTermination
                0x0000000020000360       0x14 Middlewares/Third_Party/FreeRTOS/Source/tasks.o
 .bss.uxDeletedTasksWaitingCleanUp
                0x0000000020000374        0x4 Middlewares/Third_Party/FreeRTOS/Source/tasks.o
 .bss.xSuspendedTaskList
                0x0000000020000378       0x14 Middlewares/Third_Party/FreeRTOS/Source/tasks.o
 .bss.uxCurrentNumberOfTasks
                0x000000002000038c        0x4 Middlewares/Third_Party/FreeRTOS/Source/tasks.o
 .bss.xTickCount
                0x0000000020000390        0x4 Middlewares/Third_Party/FreeRTOS/Source/tasks.o
 .bss.uxTopReadyPriority
                0x0000000020000394        0x4 Middlewares/Third_Party/FreeRTOS/Source/tasks.o
 .bss.xSchedulerRunning
                0x0000000020000398        0x4 Middlewares/Third_Party/FreeRTOS/Source/tasks.o
 .bss.uxPendedTicks
                0x000000002000039c        0x4 Middlewares/Third_Party/FreeRTOS/Source/tasks.o
 .bss.xYieldPending
                0x00000000200003a0        0x4 Middlewares/Third_Party/FreeRTOS/Source/tasks.o
 .bss.xNumOfOverflows
                0x00000000200003a4        0x4 Middlewares/Third_Party/FreeRTOS/Source/tasks.o
 .bss.uxTaskNumber
                0x00000000200003a8        0x4 Middlewares/Third_Party/FreeRTOS/Source/tasks.o
 .bss.xNextTaskUnblockTime
                0x00000000200003ac        0x4 Middlewares/Third_Party/FreeRTOS/Source/tasks.o
 .bss.xIdleTaskHandle
                0x00000000200003b0        0x4 Middlewares/Third_Party/FreeRTOS/Source/tasks.o
 .bss.uxSchedulerSuspended
                0x00000000200003b4        0x4 Middlewares/Third_Party/FreeRTOS/Source/tasks.o
 .bss.ucMaxSysCallPriority
                0x00000000200003b8        0x1 Middlewares/Third_Party/FreeRTOS/Source/portable/GCC/ARM_CM4F/port.o
 *fill*         0x00000000200003b9        0x3 
 .bss.ulMaxPRIGROUPValue
                0x00000000200003bc        0x4 Middlewares/Third_Party/FreeRTOS/Source/portable/GCC/ARM_CM4F/port.o
 .bss.ucHeap    0x00000000200003c0      0xc00 Middlewares/Third_Party/FreeRTOS/Source/portable/MemMang/heap_4.o
 .bss.xStart    0x0000000020000fc0        0x8 Middlewares/Third_Party/FreeRTOS/Source/portable/MemMang/heap_4.o
 .bss.pxEnd     0x0000000020000fc8        0x4 Middlewares/Third_Party/FreeRTOS/Source/portable/MemMang/heap_4.o
 .bss.xFreeBytesRemaining
                0x0000000020000fcc        0x4 Middlewares/Third_Party/FreeRTOS/Source/portable/MemMang/heap_4.o
 .bss.xMinimumEverFreeBytesRemaining
                0x0000000020000fd0        0x4 Middlewares/Third_Party/FreeRTOS/Source/portable/MemMang/heap_4.o
 .bss.xBlockAllocatedBit
                0x0000000020000fd4        0x4 Middlewares/Third_Party/FreeRTOS/Source/portable/MemMang/heap_4.o
 *(COMMON)
 COMMON         0x0000000020000fd8       0x70 Core/Src/main.o
                0x0000000020000fd8                temp
                0x0000000020000fdc                dataUpdate
                0x0000000020000fe0                Task1Handle
                0x0000000020000fe4                dht
                0x0000000020000ff4                Task3Handle
                0x0000000020000ff8                Task2Handle
                0x0000000020000ffc                htim2
 COMMON         0x0000000020001048        0x4 Drivers/STM32F3xx_HAL_Driver/Src/stm32f3xx_hal.o
                0x0000000020001048                uwTick
                0x000000002000104c                . = ALIGN (0x4)
                0x000000002000104c                _ebss = .
                0x000000002000104c                __bss_end__ = _ebss

._user_heap_stack
                0x000000002000104c      0x604 load address 0x0000000008004144
                0x0000000020001050                . = ALIGN (0x8)
 *fill*         0x000000002000104c        0x4 
                [!provide]                        PROVIDE (end = .)
                0x0000000020001050                PROVIDE (_end = .)
                0x0000000020001250                . = (. + _Min_Heap_Size)
 *fill*         0x0000000020001050      0x200 
                0x0000000020001650                . = (. + _Min_Stack_Size)
 *fill*         0x0000000020001250      0x400 
                0x0000000020001650                . = ALIGN (0x8)

/DISCARD/
 libc.a(*)
 libm.a(*)
 libgcc.a(*)

.ARM.attributes
                0x0000000000000000       0x30
 *(.ARM.attributes)
 .ARM.attributes
                0x0000000000000000       0x1e c:/st/stm32cubeide_1.6.0/stm32cubeide/plugins/com.st.stm32cube.ide.mcu.externaltools.gnu-tools-for-stm32.9-2020-q2-update.win32_1.5.0.202011040924/tools/bin/../lib/gcc/arm-none-eabi/9.3.1/thumb/v7e-m+fp/hard/crti.o
 .ARM.attributes
                0x000000000000001e       0x34 c:/st/stm32cubeide_1.6.0/stm32cubeide/plugins/com.st.stm32cube.ide.mcu.externaltools.gnu-tools-for-stm32.9-2020-q2-update.win32_1.5.0.202011040924/tools/bin/../lib/gcc/arm-none-eabi/9.3.1/thumb/v7e-m+fp/hard/crtbegin.o
 .ARM.attributes
                0x0000000000000052       0x34 Core/Src/freertos.o
 .ARM.attributes
                0x0000000000000086       0x34 Core/Src/main.o
 .ARM.attributes
                0x00000000000000ba       0x34 Core/Src/stm32f3xx_hal_msp.o
 .ARM.attributes
                0x00000000000000ee       0x34 Core/Src/stm32f3xx_it.o
 .ARM.attributes
                0x0000000000000122       0x34 Core/Src/system_stm32f3xx.o
 .ARM.attributes
                0x0000000000000156       0x21 Core/Startup/startup_stm32f334c8tx.o
 .ARM.attributes
                0x0000000000000177       0x34 DHT11-STM32-Library-master/mk_dht11.o
 .ARM.attributes
                0x00000000000001ab       0x34 Drivers/STM32F3xx_HAL_Driver/Src/stm32f3xx_hal.o
 .ARM.attributes
                0x00000000000001df       0x34 Drivers/STM32F3xx_HAL_Driver/Src/stm32f3xx_hal_cortex.o
 .ARM.attributes
                0x0000000000000213       0x34 Drivers/STM32F3xx_HAL_Driver/Src/stm32f3xx_hal_gpio.o
 .ARM.attributes
                0x0000000000000247       0x34 Drivers/STM32F3xx_HAL_Driver/Src/stm32f3xx_hal_rcc.o
 .ARM.attributes
                0x000000000000027b       0x34 Drivers/STM32F3xx_HAL_Driver/Src/stm32f3xx_hal_tim.o
 .ARM.attributes
                0x00000000000002af       0x34 Drivers/STM32F3xx_HAL_Driver/Src/stm32f3xx_hal_tim_ex.o
 .ARM.attributes
                0x00000000000002e3       0x34 Middlewares/Third_Party/FreeRTOS/Source/CMSIS_RTOS/cmsis_os.o
 .ARM.attributes
                0x0000000000000317       0x34 Middlewares/Third_Party/FreeRTOS/Source/list.o
 .ARM.attributes
                0x000000000000034b       0x34 Middlewares/Third_Party/FreeRTOS/Source/tasks.o
 .ARM.attributes
                0x000000000000037f       0x34 Middlewares/Third_Party/FreeRTOS/Source/portable/GCC/ARM_CM4F/port.o
 .ARM.attributes
                0x00000000000003b3       0x34 Middlewares/Third_Party/FreeRTOS/Source/portable/MemMang/heap_4.o
 .ARM.attributes
                0x00000000000003e7       0x34 c:/st/stm32cubeide_1.6.0/stm32cubeide/plugins/com.st.stm32cube.ide.mcu.externaltools.gnu-tools-for-stm32.9-2020-q2-update.win32_1.5.0.202011040924/tools/bin/../lib/gcc/arm-none-eabi/9.3.1/../../../../arm-none-eabi/lib/thumb/v7e-m+fp/hard\libc_nano.a(lib_a-init.o)
 .ARM.attributes
                0x000000000000041b       0x34 c:/st/stm32cubeide_1.6.0/stm32cubeide/plugins/com.st.stm32cube.ide.mcu.externaltools.gnu-tools-for-stm32.9-2020-q2-update.win32_1.5.0.202011040924/tools/bin/../lib/gcc/arm-none-eabi/9.3.1/../../../../arm-none-eabi/lib/thumb/v7e-m+fp/hard\libc_nano.a(lib_a-memset.o)
 .ARM.attributes
                0x000000000000044f       0x1e c:/st/stm32cubeide_1.6.0/stm32cubeide/plugins/com.st.stm32cube.ide.mcu.externaltools.gnu-tools-for-stm32.9-2020-q2-update.win32_1.5.0.202011040924/tools/bin/../lib/gcc/arm-none-eabi/9.3.1/thumb/v7e-m+fp/hard/crtn.o
OUTPUT(Hyperlogy_Sensor_New.elf elf32-littlearm)
LOAD linker stubs
LOAD c:/st/stm32cubeide_1.6.0/stm32cubeide/plugins/com.st.stm32cube.ide.mcu.externaltools.gnu-tools-for-stm32.9-2020-q2-update.win32_1.5.0.202011040924/tools/bin/../lib/gcc/arm-none-eabi/9.3.1/../../../../arm-none-eabi/lib/thumb/v7e-m+fp/hard\libc.a
LOAD c:/st/stm32cubeide_1.6.0/stm32cubeide/plugins/com.st.stm32cube.ide.mcu.externaltools.gnu-tools-for-stm32.9-2020-q2-update.win32_1.5.0.202011040924/tools/bin/../lib/gcc/arm-none-eabi/9.3.1/../../../../arm-none-eabi/lib/thumb/v7e-m+fp/hard\libm.a
LOAD c:/st/stm32cubeide_1.6.0/stm32cubeide/plugins/com.st.stm32cube.ide.mcu.externaltools.gnu-tools-for-stm32.9-2020-q2-update.win32_1.5.0.202011040924/tools/bin/../lib/gcc/arm-none-eabi/9.3.1/thumb/v7e-m+fp/hard\libgcc.a

.debug_info     0x0000000000000000    0x10597
 .debug_info    0x0000000000000000      0x370 Core/Src/freertos.o
 .debug_info    0x0000000000000370     0x11b4 Core/Src/main.o
 .debug_info    0x0000000000001524      0xa34 Core/Src/stm32f3xx_hal_msp.o
 .debug_info    0x0000000000001f58      0x214 Core/Src/stm32f3xx_it.o
 .debug_info    0x000000000000216c      0x49a Core/Src/system_stm32f3xx.o
 .debug_info    0x0000000000002606       0x22 Core/Startup/startup_stm32f334c8tx.o
 .debug_info    0x0000000000002628      0xb3b DHT11-STM32-Library-master/mk_dht11.o
 .debug_info    0x0000000000003163      0x7dd Drivers/STM32F3xx_HAL_Driver/Src/stm32f3xx_hal.o
 .debug_info    0x0000000000003940      0xc09 Drivers/STM32F3xx_HAL_Driver/Src/stm32f3xx_hal_cortex.o
 .debug_info    0x0000000000004549      0x83d Drivers/STM32F3xx_HAL_Driver/Src/stm32f3xx_hal_gpio.o
 .debug_info    0x0000000000004d86     0x15b5 Drivers/STM32F3xx_HAL_Driver/Src/stm32f3xx_hal_rcc.o
 .debug_info    0x000000000000633b     0x2b64 Drivers/STM32F3xx_HAL_Driver/Src/stm32f3xx_hal_tim.o
 .debug_info    0x0000000000008e9f     0x157e Drivers/STM32F3xx_HAL_Driver/Src/stm32f3xx_hal_tim_ex.o
 .debug_info    0x000000000000a41d     0x2019 Middlewares/Third_Party/FreeRTOS/Source/CMSIS_RTOS/cmsis_os.o
 .debug_info    0x000000000000c436      0xb7c Middlewares/Third_Party/FreeRTOS/Source/list.o
 .debug_info    0x000000000000cfb2     0x247d Middlewares/Third_Party/FreeRTOS/Source/tasks.o
 .debug_info    0x000000000000f42f      0x4f1 Middlewares/Third_Party/FreeRTOS/Source/portable/GCC/ARM_CM4F/port.o
 .debug_info    0x000000000000f920      0xc77 Middlewares/Third_Party/FreeRTOS/Source/portable/MemMang/heap_4.o

.debug_abbrev   0x0000000000000000     0x26b6
 .debug_abbrev  0x0000000000000000      0x11d Core/Src/freertos.o
 .debug_abbrev  0x000000000000011d      0x2f2 Core/Src/main.o
 .debug_abbrev  0x000000000000040f      0x1b7 Core/Src/stm32f3xx_hal_msp.o
 .debug_abbrev  0x00000000000005c6       0xd2 Core/Src/stm32f3xx_it.o
 .debug_abbrev  0x0000000000000698      0x145 Core/Src/system_stm32f3xx.o
 .debug_abbrev  0x00000000000007dd       0x12 Core/Startup/startup_stm32f334c8tx.o
 .debug_abbrev  0x00000000000007ef      0x21a DHT11-STM32-Library-master/mk_dht11.o
 .debug_abbrev  0x0000000000000a09      0x1ed Drivers/STM32F3xx_HAL_Driver/Src/stm32f3xx_hal.o
 .debug_abbrev  0x0000000000000bf6      0x313 Drivers/STM32F3xx_HAL_Driver/Src/stm32f3xx_hal_cortex.o
 .debug_abbrev  0x0000000000000f09      0x1e8 Drivers/STM32F3xx_HAL_Driver/Src/stm32f3xx_hal_gpio.o
 .debug_abbrev  0x00000000000010f1      0x2c4 Drivers/STM32F3xx_HAL_Driver/Src/stm32f3xx_hal_rcc.o
 .debug_abbrev  0x00000000000013b5      0x25e Drivers/STM32F3xx_HAL_Driver/Src/stm32f3xx_hal_tim.o
 .debug_abbrev  0x0000000000001613      0x266 Drivers/STM32F3xx_HAL_Driver/Src/stm32f3xx_hal_tim_ex.o
 .debug_abbrev  0x0000000000001879      0x3c2 Middlewares/Third_Party/FreeRTOS/Source/CMSIS_RTOS/cmsis_os.o
 .debug_abbrev  0x0000000000001c3b      0x1f7 Middlewares/Third_Party/FreeRTOS/Source/list.o
 .debug_abbrev  0x0000000000001e32      0x380 Middlewares/Third_Party/FreeRTOS/Source/tasks.o
 .debug_abbrev  0x00000000000021b2      0x231 Middlewares/Third_Party/FreeRTOS/Source/portable/GCC/ARM_CM4F/port.o
 .debug_abbrev  0x00000000000023e3      0x2d3 Middlewares/Third_Party/FreeRTOS/Source/portable/MemMang/heap_4.o

.debug_aranges  0x0000000000000000      0xe60
 .debug_aranges
                0x0000000000000000       0x20 Core/Src/freertos.o
 .debug_aranges
                0x0000000000000020       0x98 Core/Src/main.o
 .debug_aranges
                0x00000000000000b8       0x30 Core/Src/stm32f3xx_hal_msp.o
 .debug_aranges
                0x00000000000000e8       0x50 Core/Src/stm32f3xx_it.o
 .debug_aranges
                0x0000000000000138       0x28 Core/Src/system_stm32f3xx.o
 .debug_aranges
                0x0000000000000160       0x28 Core/Startup/startup_stm32f334c8tx.o
 .debug_aranges
                0x0000000000000188       0x30 DHT11-STM32-Library-master/mk_dht11.o
 .debug_aranges
                0x00000000000001b8       0xe0 Drivers/STM32F3xx_HAL_Driver/Src/stm32f3xx_hal.o
 .debug_aranges
                0x0000000000000298      0x100 Drivers/STM32F3xx_HAL_Driver/Src/stm32f3xx_hal_cortex.o
 .debug_aranges
                0x0000000000000398       0x58 Drivers/STM32F3xx_HAL_Driver/Src/stm32f3xx_hal_gpio.o
 .debug_aranges
                0x00000000000003f0       0x88 Drivers/STM32F3xx_HAL_Driver/Src/stm32f3xx_hal_rcc.o
 .debug_aranges
                0x0000000000000478      0x3e0 Drivers/STM32F3xx_HAL_Driver/Src/stm32f3xx_hal_tim.o
 .debug_aranges
                0x0000000000000858      0x178 Drivers/STM32F3xx_HAL_Driver/Src/stm32f3xx_hal_tim_ex.o
 .debug_aranges
                0x00000000000009d0      0x1d8 Middlewares/Third_Party/FreeRTOS/Source/CMSIS_RTOS/cmsis_os.o
 .debug_aranges
                0x0000000000000ba8       0x40 Middlewares/Third_Party/FreeRTOS/Source/list.o
 .debug_aranges
                0x0000000000000be8      0x1a8 Middlewares/Third_Party/FreeRTOS/Source/tasks.o
 .debug_aranges
                0x0000000000000d90       0x80 Middlewares/Third_Party/FreeRTOS/Source/portable/GCC/ARM_CM4F/port.o
 .debug_aranges
                0x0000000000000e10       0x50 Middlewares/Third_Party/FreeRTOS/Source/portable/MemMang/heap_4.o

.debug_ranges   0x0000000000000000      0xd48
 .debug_ranges  0x0000000000000000       0x10 Core/Src/freertos.o
 .debug_ranges  0x0000000000000010       0x88 Core/Src/main.o
 .debug_ranges  0x0000000000000098       0x20 Core/Src/stm32f3xx_hal_msp.o
 .debug_ranges  0x00000000000000b8       0x40 Core/Src/stm32f3xx_it.o
 .debug_ranges  0x00000000000000f8       0x18 Core/Src/system_stm32f3xx.o
 .debug_ranges  0x0000000000000110       0x20 Core/Startup/startup_stm32f334c8tx.o
 .debug_ranges  0x0000000000000130       0x20 DHT11-STM32-Library-master/mk_dht11.o
 .debug_ranges  0x0000000000000150       0xd0 Drivers/STM32F3xx_HAL_Driver/Src/stm32f3xx_hal.o
 .debug_ranges  0x0000000000000220       0xf0 Drivers/STM32F3xx_HAL_Driver/Src/stm32f3xx_hal_cortex.o
 .debug_ranges  0x0000000000000310       0x48 Drivers/STM32F3xx_HAL_Driver/Src/stm32f3xx_hal_gpio.o
 .debug_ranges  0x0000000000000358       0x78 Drivers/STM32F3xx_HAL_Driver/Src/stm32f3xx_hal_rcc.o
 .debug_ranges  0x00000000000003d0      0x3d0 Drivers/STM32F3xx_HAL_Driver/Src/stm32f3xx_hal_tim.o
 .debug_ranges  0x00000000000007a0      0x168 Drivers/STM32F3xx_HAL_Driver/Src/stm32f3xx_hal_tim_ex.o
 .debug_ranges  0x0000000000000908      0x1c8 Middlewares/Third_Party/FreeRTOS/Source/CMSIS_RTOS/cmsis_os.o
 .debug_ranges  0x0000000000000ad0       0x30 Middlewares/Third_Party/FreeRTOS/Source/list.o
 .debug_ranges  0x0000000000000b00      0x198 Middlewares/Third_Party/FreeRTOS/Source/tasks.o
 .debug_ranges  0x0000000000000c98       0x70 Middlewares/Third_Party/FreeRTOS/Source/portable/GCC/ARM_CM4F/port.o
 .debug_ranges  0x0000000000000d08       0x40 Middlewares/Third_Party/FreeRTOS/Source/portable/MemMang/heap_4.o

.debug_macro    0x0000000000000000    0x20231
 .debug_macro   0x0000000000000000      0x224 Core/Src/freertos.o
 .debug_macro   0x0000000000000224      0xaa8 Core/Src/freertos.o
 .debug_macro   0x0000000000000ccc      0x174 Core/Src/freertos.o
 .debug_macro   0x0000000000000e40       0x22 Core/Src/freertos.o
 .debug_macro   0x0000000000000e62       0x8e Core/Src/freertos.o
 .debug_macro   0x0000000000000ef0       0x51 Core/Src/freertos.o
 .debug_macro   0x0000000000000f41      0x103 Core/Src/freertos.o
 .debug_macro   0x0000000000001044       0x6a Core/Src/freertos.o
 .debug_macro   0x00000000000010ae      0x1df Core/Src/freertos.o
 .debug_macro   0x000000000000128d       0xd0 Core/Src/freertos.o
 .debug_macro   0x000000000000135d      0x15a Core/Src/freertos.o
 .debug_macro   0x00000000000014b7       0xd7 Core/Src/freertos.o
 .debug_macro   0x000000000000158e       0x10 Core/Src/freertos.o
 .debug_macro   0x000000000000159e       0x1f Core/Src/freertos.o
 .debug_macro   0x00000000000015bd      0x4b7 Core/Src/freertos.o
 .debug_macro   0x0000000000001a74       0xb5 Core/Src/freertos.o
 .debug_macro   0x0000000000001b29       0x8c Core/Src/freertos.o
 .debug_macro   0x0000000000001bb5      0x151 Core/Src/freertos.o
 .debug_macro   0x0000000000001d06       0x2e Core/Src/freertos.o
 .debug_macro   0x0000000000001d34       0x28 Core/Src/freertos.o
 .debug_macro   0x0000000000001d5c       0x1c Core/Src/freertos.o
 .debug_macro   0x0000000000001d78       0x22 Core/Src/freertos.o
 .debug_macro   0x0000000000001d9a       0xdf Core/Src/freertos.o
 .debug_macro   0x0000000000001e79      0xf07 Core/Src/freertos.o
 .debug_macro   0x0000000000002d80    0x15464 Core/Src/freertos.o
 .debug_macro   0x00000000000181e4       0x43 Core/Src/freertos.o
 .debug_macro   0x0000000000018227     0x35e9 Core/Src/freertos.o
 .debug_macro   0x000000000001b810       0x55 Core/Src/freertos.o
 .debug_macro   0x000000000001b865      0x8f9 Core/Src/freertos.o
 .debug_macro   0x000000000001c15e      0x358 Core/Src/freertos.o
 .debug_macro   0x000000000001c4b6      0x12f Core/Src/freertos.o
 .debug_macro   0x000000000001c5e5      0x130 Core/Src/freertos.o
 .debug_macro   0x000000000001c715      0x1d5 Core/Src/freertos.o
 .debug_macro   0x000000000001c8ea      0x1bc Core/Src/freertos.o
 .debug_macro   0x000000000001caa6       0x34 Core/Src/freertos.o
 .debug_macro   0x000000000001cada       0x3c Core/Src/freertos.o
 .debug_macro   0x000000000001cb16       0x57 Core/Src/freertos.o
 .debug_macro   0x000000000001cb6d       0xc5 Core/Src/freertos.o
 .debug_macro   0x000000000001cc32      0x19f Core/Src/freertos.o
 .debug_macro   0x000000000001cdd1      0x22c Core/Src/freertos.o
 .debug_macro   0x000000000001cffd       0x5b Core/Src/freertos.o
 .debug_macro   0x000000000001d058       0xa5 Core/Src/freertos.o
 .debug_macro   0x000000000001d0fd       0x81 Core/Src/freertos.o
 .debug_macro   0x000000000001d17e       0xd3 Core/Src/freertos.o
 .debug_macro   0x000000000001d251      0xa3d Core/Src/freertos.o
 .debug_macro   0x000000000001dc8e       0x59 Core/Src/freertos.o
 .debug_macro   0x000000000001dce7      0x2a1 Core/Src/freertos.o
 .debug_macro   0x000000000001df88      0x2a8 Core/Src/main.o
 .debug_macro   0x000000000001e230       0xd0 Core/Src/main.o
 .debug_macro   0x000000000001e300       0x91 Core/Src/main.o
 .debug_macro   0x000000000001e391       0x8d Core/Src/main.o
 .debug_macro   0x000000000001e41e       0x7e Core/Src/main.o
 .debug_macro   0x000000000001e49c       0x19 Core/Src/main.o
 .debug_macro   0x000000000001e4b5       0xf2 Core/Src/main.o
 .debug_macro   0x000000000001e5a7       0x16 Core/Src/main.o
 .debug_macro   0x000000000001e5bd      0x1bc Core/Src/stm32f3xx_hal_msp.o
 .debug_macro   0x000000000001e779      0x22e Core/Src/stm32f3xx_it.o
 .debug_macro   0x000000000001e9a7      0x1b2 Core/Src/system_stm32f3xx.o
 .debug_macro   0x000000000001eb59      0x1cb DHT11-STM32-Library-master/mk_dht11.o
 .debug_macro   0x000000000001ed24       0x10 DHT11-STM32-Library-master/mk_dht11.o
 .debug_macro   0x000000000001ed34      0x1d6 Drivers/STM32F3xx_HAL_Driver/Src/stm32f3xx_hal.o
 .debug_macro   0x000000000001ef0a      0x1b2 Drivers/STM32F3xx_HAL_Driver/Src/stm32f3xx_hal_cortex.o
 .debug_macro   0x000000000001f0bc      0x1ea Drivers/STM32F3xx_HAL_Driver/Src/stm32f3xx_hal_gpio.o
 .debug_macro   0x000000000001f2a6      0x1d6 Drivers/STM32F3xx_HAL_Driver/Src/stm32f3xx_hal_rcc.o
 .debug_macro   0x000000000001f47c      0x1b3 Drivers/STM32F3xx_HAL_Driver/Src/stm32f3xx_hal_tim.o
 .debug_macro   0x000000000001f62f      0x1b2 Drivers/STM32F3xx_HAL_Driver/Src/stm32f3xx_hal_tim_ex.o
 .debug_macro   0x000000000001f7e1      0x1fe Middlewares/Third_Party/FreeRTOS/Source/CMSIS_RTOS/cmsis_os.o
 .debug_macro   0x000000000001f9df       0x10 Middlewares/Third_Party/FreeRTOS/Source/CMSIS_RTOS/cmsis_os.o
 .debug_macro   0x000000000001f9ef       0x20 Middlewares/Third_Party/FreeRTOS/Source/CMSIS_RTOS/cmsis_os.o
 .debug_macro   0x000000000001fa0f       0xc7 Middlewares/Third_Party/FreeRTOS/Source/CMSIS_RTOS/cmsis_os.o
 .debug_macro   0x000000000001fad6      0x187 Middlewares/Third_Party/FreeRTOS/Source/list.o
 .debug_macro   0x000000000001fc5d      0x280 Middlewares/Third_Party/FreeRTOS/Source/tasks.o
 .debug_macro   0x000000000001fedd       0x10 Middlewares/Third_Party/FreeRTOS/Source/tasks.o
 .debug_macro   0x000000000001feed      0x196 Middlewares/Third_Party/FreeRTOS/Source/portable/GCC/ARM_CM4F/port.o
 .debug_macro   0x0000000000020083      0x1ae Middlewares/Third_Party/FreeRTOS/Source/portable/MemMang/heap_4.o

.debug_line     0x0000000000000000     0xfee6
 .debug_line    0x0000000000000000      0x7ae Core/Src/freertos.o
 .debug_line    0x00000000000007ae      0xc0b Core/Src/main.o
 .debug_line    0x00000000000013b9      0x6e9 Core/Src/stm32f3xx_hal_msp.o
 .debug_line    0x0000000000001aa2      0x858 Core/Src/stm32f3xx_it.o
 .debug_line    0x00000000000022fa      0x726 Core/Src/system_stm32f3xx.o
 .debug_line    0x0000000000002a20       0x88 Core/Startup/startup_stm32f334c8tx.o
 .debug_line    0x0000000000002aa8      0x93b DHT11-STM32-Library-master/mk_dht11.o
 .debug_line    0x00000000000033e3      0x95b Drivers/STM32F3xx_HAL_Driver/Src/stm32f3xx_hal.o
 .debug_line    0x0000000000003d3e      0xb43 Drivers/STM32F3xx_HAL_Driver/Src/stm32f3xx_hal_cortex.o
 .debug_line    0x0000000000004881      0xab2 Drivers/STM32F3xx_HAL_Driver/Src/stm32f3xx_hal_gpio.o
 .debug_line    0x0000000000005333     0x1335 Drivers/STM32F3xx_HAL_Driver/Src/stm32f3xx_hal_rcc.o
 .debug_line    0x0000000000006668     0x3ac4 Drivers/STM32F3xx_HAL_Driver/Src/stm32f3xx_hal_tim.o
 .debug_line    0x000000000000a12c     0x1ba2 Drivers/STM32F3xx_HAL_Driver/Src/stm32f3xx_hal_tim_ex.o
 .debug_line    0x000000000000bcce     0x11c4 Middlewares/Third_Party/FreeRTOS/Source/CMSIS_RTOS/cmsis_os.o
 .debug_line    0x000000000000ce92      0x70b Middlewares/Third_Party/FreeRTOS/Source/list.o
 .debug_line    0x000000000000d59d     0x18cd Middlewares/Third_Party/FreeRTOS/Source/tasks.o
 .debug_line    0x000000000000ee6a      0x7af Middlewares/Third_Party/FreeRTOS/Source/portable/GCC/ARM_CM4F/port.o
 .debug_line    0x000000000000f619      0x8cd Middlewares/Third_Party/FreeRTOS/Source/portable/MemMang/heap_4.o

.debug_str      0x0000000000000000    0xc4698
 .debug_str     0x0000000000000000    0xb9d02 Core/Src/freertos.o
                                      0xb9fb8 (size before relaxing)
 .debug_str     0x00000000000b9d02     0x2c3f Core/Src/main.o
                                      0xbcc01 (size before relaxing)
 .debug_str     0x00000000000bc941      0x2f6 Core/Src/stm32f3xx_hal_msp.o
                                      0xb6d9e (size before relaxing)
 .debug_str     0x00000000000bcc37       0xa2 Core/Src/stm32f3xx_it.o
                                      0xb9f08 (size before relaxing)
 .debug_str     0x00000000000bccd9       0xbd Core/Src/system_stm32f3xx.o
                                      0xb6596 (size before relaxing)
 .debug_str     0x00000000000bcd96       0x36 Core/Startup/startup_stm32f334c8tx.o
                                         0x7d (size before relaxing)
 .debug_str     0x00000000000bcdcc       0xbc DHT11-STM32-Library-master/mk_dht11.o
                                      0xb6b3b (size before relaxing)
 .debug_str     0x00000000000bce88      0x317 Drivers/STM32F3xx_HAL_Driver/Src/stm32f3xx_hal.o
                                      0xb6c5c (size before relaxing)
 .debug_str     0x00000000000bd19f      0x2a3 Drivers/STM32F3xx_HAL_Driver/Src/stm32f3xx_hal_cortex.o
                                      0xb6c3d (size before relaxing)
 .debug_str     0x00000000000bd442      0x282 Drivers/STM32F3xx_HAL_Driver/Src/stm32f3xx_hal_gpio.o
                                      0xb686e (size before relaxing)
 .debug_str     0x00000000000bd6c4      0x2f0 Drivers/STM32F3xx_HAL_Driver/Src/stm32f3xx_hal_rcc.o
                                      0xb6a04 (size before relaxing)
 .debug_str     0x00000000000bd9b4      0xe10 Drivers/STM32F3xx_HAL_Driver/Src/stm32f3xx_hal_tim.o
                                      0xb7952 (size before relaxing)
 .debug_str     0x00000000000be7c4      0x579 Drivers/STM32F3xx_HAL_Driver/Src/stm32f3xx_hal_tim_ex.o
                                      0xb717f (size before relaxing)
 .debug_str     0x00000000000bed3d     0x3a12 Middlewares/Third_Party/FreeRTOS/Source/CMSIS_RTOS/cmsis_os.o
                                       0xe0f0 (size before relaxing)
 .debug_str     0x00000000000c274f      0x225 Middlewares/Third_Party/FreeRTOS/Source/list.o
                                       0xa834 (size before relaxing)
 .debug_str     0x00000000000c2974     0x12b3 Middlewares/Third_Party/FreeRTOS/Source/tasks.o
                                       0xca25 (size before relaxing)
 .debug_str     0x00000000000c3c27      0x817 Middlewares/Third_Party/FreeRTOS/Source/portable/GCC/ARM_CM4F/port.o
                                       0x82a7 (size before relaxing)
 .debug_str     0x00000000000c443e      0x25a Middlewares/Third_Party/FreeRTOS/Source/portable/MemMang/heap_4.o
                                       0xaf57 (size before relaxing)

.comment        0x0000000000000000       0x53
 .comment       0x0000000000000000       0x53 Core/Src/freertos.o
                                         0x54 (size before relaxing)
 .comment       0x0000000000000053       0x54 Core/Src/main.o
 .comment       0x0000000000000053       0x54 Core/Src/stm32f3xx_hal_msp.o
 .comment       0x0000000000000053       0x54 Core/Src/stm32f3xx_it.o
 .comment       0x0000000000000053       0x54 Core/Src/system_stm32f3xx.o
 .comment       0x0000000000000053       0x54 DHT11-STM32-Library-master/mk_dht11.o
 .comment       0x0000000000000053       0x54 Drivers/STM32F3xx_HAL_Driver/Src/stm32f3xx_hal.o
 .comment       0x0000000000000053       0x54 Drivers/STM32F3xx_HAL_Driver/Src/stm32f3xx_hal_cortex.o
 .comment       0x0000000000000053       0x54 Drivers/STM32F3xx_HAL_Driver/Src/stm32f3xx_hal_gpio.o
 .comment       0x0000000000000053       0x54 Drivers/STM32F3xx_HAL_Driver/Src/stm32f3xx_hal_rcc.o
 .comment       0x0000000000000053       0x54 Drivers/STM32F3xx_HAL_Driver/Src/stm32f3xx_hal_tim.o
 .comment       0x0000000000000053       0x54 Drivers/STM32F3xx_HAL_Driver/Src/stm32f3xx_hal_tim_ex.o
 .comment       0x0000000000000053       0x54 Middlewares/Third_Party/FreeRTOS/Source/CMSIS_RTOS/cmsis_os.o
 .comment       0x0000000000000053       0x54 Middlewares/Third_Party/FreeRTOS/Source/list.o
 .comment       0x0000000000000053       0x54 Middlewares/Third_Party/FreeRTOS/Source/tasks.o
 .comment       0x0000000000000053       0x54 Middlewares/Third_Party/FreeRTOS/Source/portable/GCC/ARM_CM4F/port.o
 .comment       0x0000000000000053       0x54 Middlewares/Third_Party/FreeRTOS/Source/portable/MemMang/heap_4.o

.debug_frame    0x0000000000000000     0x3ae8
 .debug_frame   0x0000000000000000       0x38 Core/Src/freertos.o
 .debug_frame   0x0000000000000038      0x218 Core/Src/main.o
 .debug_frame   0x0000000000000250       0x84 Core/Src/stm32f3xx_hal_msp.o
 .debug_frame   0x00000000000002d4       0xc4 Core/Src/stm32f3xx_it.o
 .debug_frame   0x0000000000000398       0x58 Core/Src/system_stm32f3xx.o
 .debug_frame   0x00000000000003f0       0x84 DHT11-STM32-Library-master/mk_dht11.o
 .debug_frame   0x0000000000000474      0x334 Drivers/STM32F3xx_HAL_Driver/Src/stm32f3xx_hal.o
 .debug_frame   0x00000000000007a8      0x428 Drivers/STM32F3xx_HAL_Driver/Src/stm32f3xx_hal_cortex.o
 .debug_frame   0x0000000000000bd0      0x14c Drivers/STM32F3xx_HAL_Driver/Src/stm32f3xx_hal_gpio.o
 .debug_frame   0x0000000000000d1c      0x214 Drivers/STM32F3xx_HAL_Driver/Src/stm32f3xx_hal_rcc.o
 .debug_frame   0x0000000000000f30     0x121c Drivers/STM32F3xx_HAL_Driver/Src/stm32f3xx_hal_tim.o
 .debug_frame   0x000000000000214c      0x688 Drivers/STM32F3xx_HAL_Driver/Src/stm32f3xx_hal_tim_ex.o
 .debug_frame   0x00000000000027d4      0x80c Middlewares/Third_Party/FreeRTOS/Source/CMSIS_RTOS/cmsis_os.o
 .debug_frame   0x0000000000002fe0       0xd8 Middlewares/Third_Party/FreeRTOS/Source/list.o
 .debug_frame   0x00000000000030b8      0x734 Middlewares/Third_Party/FreeRTOS/Source/tasks.o
 .debug_frame   0x00000000000037ec      0x1a8 Middlewares/Third_Party/FreeRTOS/Source/portable/GCC/ARM_CM4F/port.o
 .debug_frame   0x0000000000003994      0x108 Middlewares/Third_Party/FreeRTOS/Source/portable/MemMang/heap_4.o
 .debug_frame   0x0000000000003a9c       0x2c c:/st/stm32cubeide_1.6.0/stm32cubeide/plugins/com.st.stm32cube.ide.mcu.externaltools.gnu-tools-for-stm32.9-2020-q2-update.win32_1.5.0.202011040924/tools/bin/../lib/gcc/arm-none-eabi/9.3.1/../../../../arm-none-eabi/lib/thumb/v7e-m+fp/hard\libc_nano.a(lib_a-init.o)
 .debug_frame   0x0000000000003ac8       0x20 c:/st/stm32cubeide_1.6.0/stm32cubeide/plugins/com.st.stm32cube.ide.mcu.externaltools.gnu-tools-for-stm32.9-2020-q2-update.win32_1.5.0.202011040924/tools/bin/../lib/gcc/arm-none-eabi/9.3.1/../../../../arm-none-eabi/lib/thumb/v7e-m+fp/hard\libc_nano.a(lib_a-memset.o)
