main.c:17:6:napBit0	8	static
main.c:26:6:napBit1	8	static
main.c:35:6:xoaBoNho	16	static
main.c:42:6:led7DoanInit	8	static
main.c:49:6:convert	24	static
main.c:67:6:hienThi	8	static
main.c:75:6:show	24	static
main.c:95:6:playBipBip	16	static
main.c:123:5:main	104	static
main.c:152:6:SystemClock_Config	72	static
main.c:190:13:MX_TIM2_Init	40	static
main.c:235:13:MX_GPIO_Init	40	static
main.c:305:6:StartDefaultTask	16	static
main.c:324:6:StartTask02	16	static
main.c:338:6:StartTask03	32	static
main.c:378:6:Error_Handler	4	static,ignoring_inline_asm
